Nothing to build in platform 'mb_lab8_wrapper'

13:17:00 **** Incremental Build of configuration Debug for project lab8_final_sw ****
make all 
'Building file: ../src/helloworld.c'
'Invoking: MicroBlaze gcc compiler'
mb-gcc -Wall -O0 -g3 -c -fmessage-length=0 -MT"src/helloworld.o" -ID:/EECE387/lab8/workspace_final/mb_lab8_wrapper/export/mb_lab8_wrapper/sw/mb_lab8_wrapper/standalone_microblaze_0/bspinclude/include -mlittle-endian -mcpu=v11.0 -mxl-soft-mul -Wl,--no-relax -ffunction-sections -fdata-sections -MMD -MP -MF"src/helloworld.d" -MT"src/helloworld.o" -o "src/helloworld.o" "../src/helloworld.c"
'Finished building: ../src/helloworld.c'
' '
'Building target: lab8_final_sw.elf'
'Invoking: MicroBlaze gcc linker'
mb-gcc -Wl,-T -Wl,../src/lscript.ld -LD:/EECE387/lab8/workspace_final/mb_lab8_wrapper/export/mb_lab8_wrapper/sw/mb_lab8_wrapper/standalone_microblaze_0/bsplib/lib -mlittle-endian -mcpu=v11.0 -mxl-soft-mul -Wl,--no-relax -Wl,--gc-sections -o "lab8_final_sw.elf"  ./src/helloworld.o ./src/platform.o   -Wl,--start-group,-lxil,-lgcc,-lc,--end-group
'Finished building target: lab8_final_sw.elf'
' '
'Invoking: MicroBlaze Print Size'
mb-size lab8_final_sw.elf  |tee "lab8_final_sw.elf.size"
   text	   data	    bss	    dec	    hex	filename
  10000	    324	   3124	  13448	   3488	lab8_final_sw.elf
'Finished building: lab8_final_sw.elf.size'
' '
